Sector One
	Key One-One: Value One-One
	Key One-Two: Value One-Two

Sector Two
	Key Two-One: Value Two-One

	Sector Two One
		Key Two-One-One: Value Two-One-One

Sector Three
	Key Three: Value Three

